// Jest Snapshot v1, https://goo.gl/fbAQLP

exports[`Dropdown render component 1`] = `
"<select className='dropdown' name='__NAME__' onChange={[Function: bound handleChange]}>
  <option value='' disabled={true} selected={true}>
    __TITLE__
  </option>
  <option value='__VAL1__' disabled={[undefined]} selected={false}>
    __LAB1__
  </option>
  <option value='__VAL2__' disabled={[undefined]} selected={false}>
    __LAB2__
  </option>
  <option value='__VAL1__' disabled={true} selected={false}>
    __LAB1__
  </option>
</select>"
`;
