// Jest Snapshot v1, https://goo.gl/fbAQLP

exports[`RestaurantInfo render component 1`] = `
"<div onClick={{...}} className='__CLASSNAME__ tour-info'>
  <img className='tour-info__logo' src='__LOGOURI__' alt='Tour Logo' />
  <div className='tour-info__content'>
    <h2 className='tour-info__title'>
      __TITLE__
    </h2>
    <Rating className='tour-info__rating' value={NaN} />
    <p className='tour-info__price'>
      <small className='tour-info__price-label'>
        From
      </small>
      __CURRENCY__
      __PRICE__
    </p>
    <div className='tour-info__special-offer'>
      <span className='tour-info__special-offer-message'>
        Special Offer!
      </span>
    </div>
  </div>
</div>"
`;
